Microchip MPLAB XC8 Compiler V2.40

Linker command line:

-W-3 \
  --edf=C:/Program Files/Microchip/MPLABX/v6.05/packs/Microchip/PIC16F1xxxx_DFP/1.15.191/xc8\pic\dat\20220719204315_en.msgs \
  -cn -h+dist/default/production\DisplayServoLM35.X.production.sym \
  --cmf=dist/default/production\DisplayServoLM35.X.production.cmf -z \
  -Q16F18875 -oC:\Users\MARCOB~1\AppData\Local\Temp\xcAsi38.4 \
  --defsym=__MPLAB_BUILD=1 --fixupoverflow=error \
  -Mdist/default/production/DisplayServoLM35.X.production.map \
  --md=C:\Users\MARCOB~1\AppData\Local\Temp\xcAsi38.dat -E1 \
  -ver=XC8 Compiler --acfsm=1493 -ACODE=00h-07FFhx4 -ASTRCODE=00h-01FFFh \
  -ASTRING=00h-0FFhx32 -ACONST=00h-0FFhx32 -AENTRY=00h-0FFhx32 \
  -ACOMMON=070h-07Fh -ABANK0=020h-06Fh -ABANK1=0A0h-0EFh \
  -ABANK2=0120h-016Fh -ABANK3=01A0h-01EFh -ABANK4=0220h-026Fh \
  -ABANK5=02A0h-02EFh -ABANK6=0320h-036Fh -ABANK7=03A0h-03EFh \
  -ABANK8=0420h-046Fh -ABANK9=04A0h-04EFh -ABANK10=0520h-056Fh \
  -ABANK11=05A0h-05EFh -ABANK12=0620h-064Fh -ABIGRAM=02000h-023EFh \
  -ARAM=020h-06Fh,0A0h-0EFh,0120h-016Fh,01A0h-01EFh,0220h-026Fh,02A0h-02EFh,0320h-036Fh,03A0h-03EFh,0420h-046Fh,04A0h-04EFh,0520h-056Fh,05A0h-05EFh,0620h-064Fh \
  -AABS1=020h-07Fh,0A0h-0EFh,0120h-016Fh,01A0h-01EFh,0220h-026Fh,02A0h-02EFh,0320h-036Fh,03A0h-03EFh,0420h-046Fh,04A0h-04EFh,0520h-056Fh,05A0h-05EFh,0620h-064Fh \
  -ASFR0=00h-01Fh -ASFR1=080h-09Fh -ASFR2=0100h-011Fh -ASFR3=0180h-019Fh \
  -ASFR4=0200h-021Fh -ASFR5=0280h-029Fh -ASFR6=0300h-031Fh \
  -ASFR7=0380h-039Fh -ASFR8=0400h-041Fh -ASFR9=0480h-049Fh \
  -ASFR10=0500h-051Fh -ASFR11=0580h-059Fh -ASFR12=0600h-061Fh \
  -ASFR13=0680h-06EFh -ASFR14=0700h-076Fh -ASFR15=0780h-07EFh \
  -ASFR16=0800h-086Fh -ASFR17=0880h-08EFh -ASFR18=0900h-096Fh \
  -ASFR19=0980h-09EFh -ASFR20=0A00h-0A6Fh -ASFR21=0A80h-0AEFh \
  -ASFR22=0B00h-0B6Fh -ASFR23=0B80h-0BEFh -ASFR24=0C00h-0C6Fh \
  -ASFR25=0C80h-0CEFh -ASFR26=0D00h-0D6Fh -ASFR27=0D80h-0DEFh \
  -ASFR28=0E00h-0E6Fh -ASFR29=0E80h-0EEFh -ASFR30=0F00h-0F6Fh \
  -ASFR31=0F80h-0FEFh -ACONFIG=08007h-0800Bh -DCONFIG=2 \
  -AIDLOC=08000h-08003h -DIDLOC=2 -AEEDATA=00h-0FFh/0F000h \
  -peeprom_data=EEDATA -DEEDATA=2 -DCODE=2 -DSTRCODE=2 -DSTRING=2 -DCONST=2 \
  -DENTRY=2 -preset_vec=00h,intentry,init,end_init -ppowerup=CODE \
  -pcinit=CODE -pfunctab=ENTRY -k \
  C:\Users\MARCOB~1\AppData\Local\Temp\xcAsi38.o \
  dist/default/production\DisplayServoLM35.X.production.o 

Object code version is 3.11

Machine type is 16F18875



                Name                               Link     Load   Length Selector   Space Scale
C:\Users\MARCOB~1\AppData\Local\Temp\xcAsi38.o
                end_init                              2        2        2        0       0
                reset_vec                             0        0        2        0       0
                config                             8007     8007        5        0       4
                idloc                              8000     8000        4        0       5
dist/default/production\DisplayServoLM35.X.production.o
                cinit                               7E1      7E1       1F      FC2       0
                config                             8007     8007        5        0       4
                idloc                              8000     8000        4        0       5
                text42                              802      802        3     1004       0
                text41                             1103     1103       12     2206       0
                text40                             1115     1115       16     222A       0
                text39                             1141     1141       18     2282       0
                text38                             108B     108B        6     2116       0
                text37                             1091     1091        6     2122       0
                text36                             1097     1097        6     212E       0
                text35                             11F8     11F8       22     23F0       0
                text34                             10B1     10B1        9     2162       0
                text33                             12E0     12E0       40     25C0       0
                text32                             10A9     10A9        8     2152       0
                text31                             10D9     10D9        D     21B2       0
                text30                             10E6     10E6        E     21CC       0
                text29                             112B     112B       16     2256       0
                text28                             13AF     13AF       60     275E       0
                text27                             1159     1159       1F     22B2       0
                text26                                A        A       18       14       0
                text25                             11D7     11D7       21     23AE       0
                text24                               AD       AD       94      15A       0
                text23                              805      805      1AA     100A       0
                text22                             1361     1361       4E     26C2       0
                text21                               22       22       8B       44       0
                text20                             123C     123C       23     2478       0
                text19                              DC5      DC5      23B     1B8A       0
                text18                             10CE     10CE        B     219C       0
                text17                              9AF      9AF      208     135E       0
                text16                             1197     1197       20     232E       0
                text15                             140F     140F       71     281E       0
                text14                             1480     1480       7F     2900       0
                text13                             14FF     14FF      141     29FE       0
                text12                             121A     121A       22     2434       0
                text11                             1284     1284       27     2508       0
                text10                             10BA     10BA        A     2174       0
                text9                              109D     109D        6     213A       0
                text8                              1320     1320       41     2640       0
                text7                              125F     125F       25     24BE       0
                text6                              12AB     12AB       35     2556       0
                text5                              1178     1178       1F     22F0       0
                text4                               141      141      6A0      282       0
                text3                              1640     1640      1C0     2C80       0
                text2                              11B7     11B7       20     236E       0
                text1                              10F4     10F4        F     21E8       0
                maintext                            BB7      BB7      20E     176E       0
                cstackBANK0                          20       20       50       20       1
                cstackCOMMON                         70       70        E       70       1
                cstackBANK1                          A0       A0       50       A0       1
                cstackBANK2                         142      142       17      120       1
                clrtext                            10A3     10A3        6     2146       0
                inittext                              4        4        6        0       0
                bssBANK3                            1A0      1A0       50      1A0       1
                dataBANK2                           159      159        A      120       1
                bssBANK2                            120      120       22      120       1
                stringtext3                        180B     180B        4     3000       0
                stringtext2                        1807     1807        4     3000       0
                stringtext1                        1800     1800        7     3000       0
                nvBANK2                             163      163        6      120       1
                idataBANK2                         10C4     10C4        A     2188       0

TOTAL           Name                               Link     Load   Length     Space
        CLASS   CODE           
                end_init                              2        2        2         0
                cinit                               7E1      7E1       1F         0
                reset_vec                             0        0        2         0
                text42                              802      802        3         0
                text41                             1103     1103       12         0
                text40                             1115     1115       16         0
                text39                             1141     1141       18         0
                text38                             108B     108B        6         0
                text37                             1091     1091        6         0
                text36                             1097     1097        6         0
                text35                             11F8     11F8       22         0
                text34                             10B1     10B1        9         0
                text33                             12E0     12E0       40         0
                text32                             10A9     10A9        8         0
                text31                             10D9     10D9        D         0
                text30                             10E6     10E6        E         0
                text29                             112B     112B       16         0
                text28                             13AF     13AF       60         0
                text27                             1159     1159       1F         0
                text26                                A        A       18         0
                text25                             11D7     11D7       21         0
                text24                               AD       AD       94         0
                text23                              805      805      1AA         0
                text22                             1361     1361       4E         0
                text21                               22       22       8B         0
                text20                             123C     123C       23         0
                text19                              DC5      DC5      23B         0
                text18                             10CE     10CE        B         0
                text17                              9AF      9AF      208         0
                text16                             1197     1197       20         0
                text15                             140F     140F       71         0
                text14                             1480     1480       7F         0
                text13                             14FF     14FF      141         0
                text12                             121A     121A       22         0
                text11                             1284     1284       27         0
                text10                             10BA     10BA        A         0
                text9                              109D     109D        6         0
                text8                              1320     1320       41         0
                text7                              125F     125F       25         0
                text6                              12AB     12AB       35         0
                text5                              1178     1178       1F         0
                text4                               141      141      6A0         0
                text3                              1640     1640      1C0         0
                text2                              11B7     11B7       20         0
                text1                              10F4     10F4        F         0
                maintext                            BB7      BB7      20E         0
                clrtext                            10A3     10A3        6         0
                inittext                              4        4        6         0
                idataBANK2                         10C4     10C4        A         0

        CLASS   STRCODE        
                stringtext3                        180B     180B        4         0
                stringtext2                        1807     1807        4         0
                stringtext1                        1800     1800        7         0

        CLASS   STRING         

        CLASS   CONST          

        CLASS   ENTRY          

        CLASS   COMMON         
                cstackCOMMON                         70       70        E         1

        CLASS   BANK0          
                cstackBANK0                          20       20       50         1

        CLASS   BANK1          
                cstackBANK1                          A0       A0       50         1

        CLASS   BANK2          
                cstackBANK2                         142      142       17         1
                dataBANK2                           159      159        A         1
                bssBANK2                            120      120       22         1
                nvBANK2                             163      163        6         1

        CLASS   BANK3          
                bssBANK3                            1A0      1A0       50         1

        CLASS   BANK4          

        CLASS   BANK5          

        CLASS   BANK6          

        CLASS   BANK7          

        CLASS   BANK8          

        CLASS   BANK9          

        CLASS   BANK10         

        CLASS   BANK11         

        CLASS   BANK12         

        CLASS   BIGRAM         

        CLASS   RAM            

        CLASS   ABS1           
                abs_s1                               7E       7E        2         1

        CLASS   SFR0           

        CLASS   SFR1           

        CLASS   SFR2           

        CLASS   SFR3           

        CLASS   SFR4           

        CLASS   SFR5           

        CLASS   SFR6           

        CLASS   SFR7           

        CLASS   SFR8           

        CLASS   SFR9           

        CLASS   SFR10          

        CLASS   SFR11          

        CLASS   SFR12          

        CLASS   SFR13          

        CLASS   SFR14          

        CLASS   SFR15          

        CLASS   SFR16          

        CLASS   SFR17          

        CLASS   SFR18          

        CLASS   SFR19          

        CLASS   SFR20          

        CLASS   SFR21          

        CLASS   SFR22          

        CLASS   SFR23          

        CLASS   SFR24          

        CLASS   SFR25          

        CLASS   SFR26          

        CLASS   SFR27          

        CLASS   SFR28          

        CLASS   SFR29          

        CLASS   SFR30          

        CLASS   SFR31          

        CLASS   CONFIG         
                config                             8007     8007        5         4

        CLASS   IDLOC          
                idloc                              8000     8000        4         5

        CLASS   EEDATA         

        CLASS   BANK31         

        CLASS   BANK30         

        CLASS   BANK29         

        CLASS   BANK28         

        CLASS   BANK27         

        CLASS   BANK26         

        CLASS   BANK25         

        CLASS   BANK24         

        CLASS   BANK23         

        CLASS   BANK22         

        CLASS   BANK21         

        CLASS   BANK20         

        CLASS   BANK19         

        CLASS   BANK18         

        CLASS   BANK17         

        CLASS   BANK16         

        CLASS   BANK15         

        CLASS   BANK14         

        CLASS   BANK13         

        CLASS   HEAP           

        CLASS   STACK          



SEGMENTS        Name                           Load    Length   Top    Selector   Space  Class     Delta

                reset_vec                      000000  00000A  00000A         0       0  CODE        2
                text26                         00000A  000018  000022        14       0  CODE        2
                cstackBANK0                    000020  000050  000070        20       1  BANK0       1
                text21                         000022  00008B  0000AD        44       0  CODE        2
                cstackCOMMON                   000070  00000E  00007E        70       1  COMMON      1
                cstackBANK1                    0000A0  000050  0000F0        A0       1  BANK1       1
                bssBANK2                       000120  000049  000169       120       1  BANK2       1
                text24                         0000AD  000094  000141       15A       0  CODE        2
                bssBANK3                       0001A0  000050  0001F0       1A0       1  BANK3       1
                text4                          000141  0006A0  0007E1       282       0  CODE        2
                cinit                          0007E1  00001F  000800       FC2       0  CODE        2
                text42                         000802  000003  000805      1004       0  CODE        2
                text23                         000805  0001AA  0009AF      100A       0  CODE        2
                text17                         0009AF  000208  000BB7      135E       0  CODE        2
                maintext                       000BB7  00020E  000DC5      176E       0  CODE        2
                text19                         000DC5  00023B  001000      1B8A       0  CODE        2
                text38                         00108B  000006  001091      2116       0  CODE        2
                text37                         001091  000006  001097      2122       0  CODE        2
                text36                         001097  000006  00109D      212E       0  CODE        2
                text9                          00109D  000006  0010A3      213A       0  CODE        2
                clrtext                        0010A3  000006  0010A9      2146       0  CODE        2
                text32                         0010A9  000008  0010B1      2152       0  CODE        2
                text34                         0010B1  000009  0010BA      2162       0  CODE        2
                text10                         0010BA  00000A  0010C4      2174       0  CODE        2
                idataBANK2                     0010C4  00000A  0010CE      2188       0  CODE        2
                text18                         0010CE  00000B  0010D9      219C       0  CODE        2
                text31                         0010D9  00000D  0010E6      21B2       0  CODE        2
                text30                         0010E6  00000E  0010F4      21CC       0  CODE        2
                text1                          0010F4  00000F  001103      21E8       0  CODE        2
                text41                         001103  000012  001115      2206       0  CODE        2
                text40                         001115  000016  00112B      222A       0  CODE        2
                text29                         00112B  000016  001141      2256       0  CODE        2
                text39                         001141  000018  001159      2282       0  CODE        2
                text27                         001159  00001F  001178      22B2       0  CODE        2
                text5                          001178  00001F  001197      22F0       0  CODE        2
                text16                         001197  000020  0011B7      232E       0  CODE        2
                text2                          0011B7  000020  0011D7      236E       0  CODE        2
                text25                         0011D7  000021  0011F8      23AE       0  CODE        2
                text35                         0011F8  000022  00121A      23F0       0  CODE        2
                text12                         00121A  000022  00123C      2434       0  CODE        2
                text20                         00123C  000023  00125F      2478       0  CODE        2
                text7                          00125F  000025  001284      24BE       0  CODE        2
                text11                         001284  000027  0012AB      2508       0  CODE        2
                text6                          0012AB  000035  0012E0      2556       0  CODE        2
                text33                         0012E0  000040  001320      25C0       0  CODE        2
                text8                          001320  000041  001361      2640       0  CODE        2
                text22                         001361  00004E  0013AF      26C2       0  CODE        2
                text28                         0013AF  000060  00140F      275E       0  CODE        2
                text15                         00140F  000071  001480      281E       0  CODE        2
                text14                         001480  00007F  0014FF      2900       0  CODE        2
                text13                         0014FF  000141  001640      29FE       0  CODE        2
                text3                          001640  0001C0  001800      2C80       0  CODE        2
                stringtext1                    001800  00000F  00180F      3000       0  STRCODE     2


UNUSED ADDRESS RANGES

        Name                Unused          Largest block    Delta
        BANK10           00520-0056F              50           1
        BANK11           005A0-005EF              50           1
        BANK12           00620-0064F              30           1
        BANK2            00169-0016F               7           1
        BANK4            00220-0026F              50           1
        BANK5            002A0-002EF              50           1
        BANK6            00320-0036F              50           1
        BANK7            003A0-003EF              50           1
        BANK8            00420-0046F              50           1
        BANK9            004A0-004EF              50           1
        BIGRAM           02000-023EF             3F0           1
        CODE             00800-00801               2           2
                         01000-0108A              8B
                         0180F-01FFF             7F1
        CONST            00800-00801               2           2
                         01000-0108A              8B
                         0180F-01FFF             100
        EEDATA           0F000-0F0FF             100           2
        ENTRY            00800-00801               2           2
                         01000-0108A              8B
                         0180F-01FFF             100
        RAM              00169-0016F               7           1
                         00220-0026F              50
                         002A0-002EF              50
                         00320-0036F              50
                         003A0-003EF              50
                         00420-0046F              50
                         004A0-004EF              50
                         00520-0056F              50
                         005A0-005EF              50
                         00620-0064F              30
        SFR0             00000-0001F              20           1
        SFR1             00080-0009F              20           1
        SFR10            00500-0051F              20           1
        SFR11            00580-0059F              20           1
        SFR12            00600-0061F              20           1
        SFR13            00680-006EF              70           1
        SFR14            00700-0076F              70           1
        SFR15            00780-007EF              70           1
        SFR16            00800-0086F              70           1
        SFR17            00880-008EF              70           1
        SFR18            00900-0096F              70           1
        SFR19            00980-009EF              70           1
        SFR2             00100-0011F              20           1
        SFR20            00A00-00A6F              70           1
        SFR21            00A80-00AEF              70           1
        SFR22            00B00-00B6F              70           1
        SFR23            00B80-00BEF              70           1
        SFR24            00C00-00C6F              70           1
        SFR25            00C80-00CEF              70           1
        SFR26            00D00-00D6F              70           1
        SFR27            00D80-00DEF              70           1
        SFR28            00E00-00E6F              70           1
        SFR29            00E80-00EEF              70           1
        SFR3             00180-0019F              20           1
        SFR30            00F00-00F6F              70           1
        SFR31            00F80-00FEF              70           1
        SFR4             00200-0021F              20           1
        SFR5             00280-0029F              20           1
        SFR6             00300-0031F              20           1
        SFR7             00380-0039F              20           1
        SFR8             00400-0041F              20           1
        SFR9             00480-0049F              20           1
        STRCODE          00800-00801               2           2
                         01000-0108A              8B
                         0180F-01FFF             7F1
        STRING           00800-00801               2           2
                         01000-0108A              8B
                         0180F-01FFF             100

                                  Symbol Table

?_ADCC_GetSingleConversion                     cstackCOMMON 00070
?__Umul8_16                                    cstackCOMMON 00070
?___awdiv                                      cstackCOMMON 00076
?___fladd                                      cstackBANK0  00035
?___fldiv                                      cstackBANK0  00049
?___flmul                                      cstackBANK0  00020
?___flneg                                      cstackCOMMON 00070
?___flsub                                      cstackBANK0  00049
?___fltol                                      cstackBANK0  00063
?___fpclassifyf                                cstackCOMMON 00070
?___wmul                                       cstackCOMMON 00070
?_atoi                                         cstackCOMMON 00076
?_floorf                                       cstackBANK0  00063
?_isdigit                                      cstackCOMMON 00070
?_isspace                                      cstackCOMMON 00070
?_labs                                         cstackCOMMON 00070
?_printf                                       cstackBANK1  000EA
?_vfprintf                                     cstackBANK1  000E4
ADCC_GetSingleConversion@channel               cstackCOMMON 00072
EUSART_SetErrorHandler@interruptHandler        cstackCOMMON 00070
EUSART_SetFramingErrorHandler@interruptHandler cstackCOMMON 00070
EUSART_SetOverrunErrorHandler@interruptHandler cstackCOMMON 00070
EUSART_Write@txData                            cstackCOMMON 00070
PWM6_LoadDutyValue@dutyValue                   cstackCOMMON 00070
_ADACCH                                        (abs)        00091
_ADACCL                                        (abs)        00090
_ADACQ                                         (abs)        0009D
_ADACT                                         (abs)        00099
_ADCAP                                         (abs)        0009B
_ADCC_DisableContinuousConversion              text42       00802
_ADCC_GetSingleConversion                      text41       01103
_ADCC_Initialize                               text39       01141
_ADCLK                                         (abs)        00098
_ADCNT                                         (abs)        0010C
_ADCON0                                        (abs)        00093
_ADCON0bits                                    (abs)        00093
_ADCON1                                        (abs)        00094
_ADCON1bits                                    (abs)        00094
_ADCON2                                        (abs)        00095
_ADCON2bits                                    (abs)        00095
_ADCON3                                        (abs)        00096
_ADCON3bits                                    (abs)        00096
_ADERRH                                        (abs)        00117
_ADERRL                                        (abs)        00116
_ADFLTRH                                       (abs)        00115
_ADFLTRL                                       (abs)        00114
_ADLTHH                                        (abs)        0010F
_ADLTHL                                        (abs)        0010E
_ADPCH                                         (abs)        0009E
_ADPRE                                         (abs)        0009C
_ADPREVH                                       (abs)        0008F
_ADPREVL                                       (abs)        0008E
_ADREF                                         (abs)        0009A
_ADRESH                                        (abs)        0008D
_ADRESL                                        (abs)        0008C
_ADRPT                                         (abs)        0010D
_ADSTAT                                        (abs)        00097
_ADSTATbits                                    (abs)        00097
_ADSTPTH                                       (abs)        00113
_ADSTPTL                                       (abs)        00112
_ADUTHH                                        (abs)        00111
_ADUTHL                                        (abs)        00110
_ANSELA                                        (abs)        00F38
_ANSELB                                        (abs)        00F43
_ANSELC                                        (abs)        00F4E
_ANSELD                                        (abs)        00F59
_ANSELE                                        (abs)        00F64
_BAUD1CON                                      (abs)        0011F
_CCPTMRS1bits                                  (abs)        0021F
_EUSART_DefaultErrorHandler                    (abs)        00000
_EUSART_DefaultFramingErrorHandler             (abs)        00000
_EUSART_DefaultOverrunErrorHandler             (abs)        00000
_EUSART_ErrorHandler                           nvBANK2      00163
_EUSART_FramingErrorHandler                    nvBANK2      00167
_EUSART_Initialize                             text35       011F8
_EUSART_OverrunErrorHandler                    nvBANK2      00165
_EUSART_SetErrorHandler                        text38       0108B
_EUSART_SetFramingErrorHandler                 text37       01091
_EUSART_SetOverrunErrorHandler                 text36       01097
_EUSART_Write                                  text10       010BA
_INLVLA                                        (abs)        00F3C
_INLVLB                                        (abs)        00F47
_INLVLC                                        (abs)        00F52
_INLVLD                                        (abs)        00F5D
_INLVLE                                        (abs)        00F68
_LATA                                          (abs)        00016
_LATB                                          (abs)        00017
_LATBbits                                      (abs)        00017
_LATC                                          (abs)        00018
_LATD                                          (abs)        00019
_LATDbits                                      (abs)        00019
_LATE                                          (abs)        0001A
_ODCONA                                        (abs)        00F3A
_ODCONB                                        (abs)        00F45
_ODCONC                                        (abs)        00F50
_ODCOND                                        (abs)        00F5B
_ODCONE                                        (abs)        00F66
_OSCCON1                                       (abs)        0088D
_OSCCON3                                       (abs)        0088F
_OSCEN                                         (abs)        00891
_OSCFRQ                                        (abs)        00893
_OSCILLATOR_Initialize                         text34       010B1
_OSCTUNE                                       (abs)        00892
_PIN_MANAGER_Initialize                        text33       012E0
_PIR3bits                                      (abs)        0070F
_PIR4bits                                      (abs)        00710
_PMD0                                          (abs)        00796
_PMD1                                          (abs)        00797
_PMD2                                          (abs)        00798
_PMD3                                          (abs)        00799
_PMD4                                          (abs)        0079A
_PMD5                                          (abs)        0079B
_PMD_Initialize                                text32       010A9
_PR2                                           (abs)        0028D
_PWM6CON                                       (abs)        0038E
_PWM6DCH                                       (abs)        0038D
_PWM6DCL                                       (abs)        0038C
_PWM6_Initialize                               text31       010D9
_PWM6_LoadDutyValue                            text40       01115
_RA7PPS                                        (abs)        00F17
_RC1REG                                        (abs)        00119
_RC1STA                                        (abs)        0011D
_RC1STAbits                                    (abs)        0011D
_RC6PPS                                        (abs)        00F26
_RXPPS                                         (abs)        00ECB
_SLRCONA                                       (abs)        00F3B
_SLRCONB                                       (abs)        00F46
_SLRCONC                                       (abs)        00F51
_SLRCOND                                       (abs)        00F5C
_SLRCONE                                       (abs)        00F67
_SP1BRGH                                       (abs)        0011C
_SP1BRGL                                       (abs)        0011B
_SYSTEM_Initialize                             text29       0112B
_T2CLKCON                                      (abs)        00290
_T2CON                                         (abs)        0028E
_T2CONbits                                     (abs)        0028E
_T2HLT                                         (abs)        0028F
_T2HLTbits                                     (abs)        0028F
_T2PR                                          (abs)        0028D
_T2RST                                         (abs)        00291
_T2RSTbits                                     (abs)        00291
_T2TMR                                         (abs)        0028C
_TMR2                                          (abs)        0028C
_TMR2_Initialize                               text30       010E6
_TRISA                                         (abs)        00011
_TRISB                                         (abs)        00012
_TRISC                                         (abs)        00013
_TRISD                                         (abs)        00014
_TRISE                                         (abs)        00015
_TX1REG                                        (abs)        0011A
_TX1STA                                        (abs)        0011E
_TX1STAbits                                    (abs)        0011E
_WPUA                                          (abs)        00F39
_WPUB                                          (abs)        00F44
_WPUC                                          (abs)        00F4F
_WPUD                                          (abs)        00F5A
_WPUE                                          (abs)        00F65
__Habs1                                        abs1         00000
__Hbank0                                       bank0        00000
__Hbank1                                       bank1        00000
__Hbank10                                      bank10       00000
__Hbank11                                      bank11       00000
__Hbank12                                      bank12       00000
__Hbank13                                      bank13       00000
__Hbank14                                      bank14       00000
__Hbank15                                      bank15       00000
__Hbank16                                      bank16       00000
__Hbank17                                      bank17       00000
__Hbank18                                      bank18       00000
__Hbank19                                      bank19       00000
__Hbank2                                       bank2        00000
__Hbank20                                      bank20       00000
__Hbank21                                      bank21       00000
__Hbank22                                      bank22       00000
__Hbank23                                      bank23       00000
__Hbank24                                      bank24       00000
__Hbank25                                      bank25       00000
__Hbank26                                      bank26       00000
__Hbank27                                      bank27       00000
__Hbank28                                      bank28       00000
__Hbank29                                      bank29       00000
__Hbank3                                       bank3        00000
__Hbank30                                      bank30       00000
__Hbank31                                      bank31       00000
__Hbank4                                       bank4        00000
__Hbank5                                       bank5        00000
__Hbank6                                       bank6        00000
__Hbank7                                       bank7        00000
__Hbank8                                       bank8        00000
__Hbank9                                       bank9        00000
__Hbigram                                      bigram       00000
__HbssBANK2                                    bssBANK2     00000
__HbssBANK3                                    bssBANK3     00000
__Hcinit                                       cinit        00800
__Hclrtext                                     clrtext      00000
__Hcode                                        code         00000
__Hcommon                                      common       00000
__Hconfig                                      config       0800C
__HcstackBANK0                                 cstackBANK0  00000
__HcstackBANK1                                 cstackBANK1  00000
__HcstackBANK2                                 cstackBANK2  00000
__HcstackCOMMON                                cstackCOMMON 00000
__HdataBANK2                                   dataBANK2    00000
__Heeprom_data                                 eeprom_data  00000
__Hend_init                                    end_init     00004
__Hfunctab                                     functab      00000
__Hheap                                        heap         00000
__HidataBANK2                                  idataBANK2   00000
__Hidloc                                       idloc        08004
__Hinit                                        init         00002
__Hinittext                                    inittext     00000
__Hintentry                                    intentry     00002
__Hmaintext                                    maintext     00000
__HnvBANK2                                     nvBANK2      00000
__Hpowerup                                     powerup      00000
__Hram                                         ram          00000
__Hreset_vec                                   reset_vec    00002
__Hsfr0                                        sfr0         00000
__Hsfr1                                        sfr1         00000
__Hsfr10                                       sfr10        00000
__Hsfr11                                       sfr11        00000
__Hsfr12                                       sfr12        00000
__Hsfr13                                       sfr13        00000
__Hsfr14                                       sfr14        00000
__Hsfr15                                       sfr15        00000
__Hsfr16                                       sfr16        00000
__Hsfr17                                       sfr17        00000
__Hsfr18                                       sfr18        00000
__Hsfr19                                       sfr19        00000
__Hsfr2                                        sfr2         00000
__Hsfr20                                       sfr20        00000
__Hsfr21                                       sfr21        00000
__Hsfr22                                       sfr22        00000
__Hsfr23                                       sfr23        00000
__Hsfr24                                       sfr24        00000
__Hsfr25                                       sfr25        00000
__Hsfr26                                       sfr26        00000
__Hsfr27                                       sfr27        00000
__Hsfr28                                       sfr28        00000
__Hsfr29                                       sfr29        00000
__Hsfr3                                        sfr3         00000
__Hsfr30                                       sfr30        00000
__Hsfr31                                       sfr31        00000
__Hsfr4                                        sfr4         00000
__Hsfr5                                        sfr5         00000
__Hsfr6                                        sfr6         00000
__Hsfr7                                        sfr7         00000
__Hsfr8                                        sfr8         00000
__Hsfr9                                        sfr9         00000
__Hspace_0                                     (abs)        0180F
__Hspace_1                                     (abs)        001F0
__Hspace_2                                     (abs)        00000
__Hspace_3                                     (abs)        00000
__Hspace_4                                     (abs)        10013
__Hstack                                       stack        00000
__Hstrings                                     strings      00000
__Hstringtext1                                 stringtext1  00000
__Hstringtext2                                 stringtext2  00000
__Hstringtext3                                 stringtext3  00000
__Hstringtext4                                 stringtext4  00000
__Htext                                        text         00000
__Labs1                                        abs1         00000
__Lbank0                                       bank0        00000
__Lbank1                                       bank1        00000
__Lbank10                                      bank10       00000
__Lbank11                                      bank11       00000
__Lbank12                                      bank12       00000
__Lbank13                                      bank13       00000
__Lbank14                                      bank14       00000
__Lbank15                                      bank15       00000
__Lbank16                                      bank16       00000
__Lbank17                                      bank17       00000
__Lbank18                                      bank18       00000
__Lbank19                                      bank19       00000
__Lbank2                                       bank2        00000
__Lbank20                                      bank20       00000
__Lbank21                                      bank21       00000
__Lbank22                                      bank22       00000
__Lbank23                                      bank23       00000
__Lbank24                                      bank24       00000
__Lbank25                                      bank25       00000
__Lbank26                                      bank26       00000
__Lbank27                                      bank27       00000
__Lbank28                                      bank28       00000
__Lbank29                                      bank29       00000
__Lbank3                                       bank3        00000
__Lbank30                                      bank30       00000
__Lbank31                                      bank31       00000
__Lbank4                                       bank4        00000
__Lbank5                                       bank5        00000
__Lbank6                                       bank6        00000
__Lbank7                                       bank7        00000
__Lbank8                                       bank8        00000
__Lbank9                                       bank9        00000
__Lbigram                                      bigram       00000
__LbssBANK2                                    bssBANK2     00000
__LbssBANK3                                    bssBANK3     00000
__Lcinit                                       cinit        007E1
__Lclrtext                                     clrtext      00000
__Lcode                                        code         00000
__Lcommon                                      common       00000
__Lconfig                                      config       00000
__LcstackBANK0                                 cstackBANK0  00000
__LcstackBANK1                                 cstackBANK1  00000
__LcstackBANK2                                 cstackBANK2  00000
__LcstackCOMMON                                cstackCOMMON 00000
__LdataBANK2                                   dataBANK2    00000
__Leeprom_data                                 eeprom_data  00000
__Lend_init                                    end_init     00002
__Lfunctab                                     functab      00000
__Lheap                                        heap         00000
__LidataBANK2                                  idataBANK2   00000
__Lidloc                                       idloc        00000
__Linit                                        init         00002
__Linittext                                    inittext     00000
__Lintentry                                    intentry     00002
__Lmaintext                                    maintext     00000
__LnvBANK2                                     nvBANK2      00000
__Lpowerup                                     powerup      00000
__Lram                                         ram          00000
__Lreset_vec                                   reset_vec    00000
__Lsfr0                                        sfr0         00000
__Lsfr1                                        sfr1         00000
__Lsfr10                                       sfr10        00000
__Lsfr11                                       sfr11        00000
__Lsfr12                                       sfr12        00000
__Lsfr13                                       sfr13        00000
__Lsfr14                                       sfr14        00000
__Lsfr15                                       sfr15        00000
__Lsfr16                                       sfr16        00000
__Lsfr17                                       sfr17        00000
__Lsfr18                                       sfr18        00000
__Lsfr19                                       sfr19        00000
__Lsfr2                                        sfr2         00000
__Lsfr20                                       sfr20        00000
__Lsfr21                                       sfr21        00000
__Lsfr22                                       sfr22        00000
__Lsfr23                                       sfr23        00000
__Lsfr24                                       sfr24        00000
__Lsfr25                                       sfr25        00000
__Lsfr26                                       sfr26        00000
__Lsfr27                                       sfr27        00000
__Lsfr28                                       sfr28        00000
__Lsfr29                                       sfr29        00000
__Lsfr3                                        sfr3         00000
__Lsfr30                                       sfr30        00000
__Lsfr31                                       sfr31        00000
__Lsfr4                                        sfr4         00000
__Lsfr5                                        sfr5         00000
__Lsfr6                                        sfr6         00000
__Lsfr7                                        sfr7         00000
__Lsfr8                                        sfr8         00000
__Lsfr9                                        sfr9         00000
__Lspace_0                                     (abs)        00000
__Lspace_1                                     (abs)        00000
__Lspace_2                                     (abs)        00000
__Lspace_3                                     (abs)        00000
__Lspace_4                                     (abs)        00000
__Lstack                                       stack        00000
__Lstrings                                     strings      00000
__Lstringtext1                                 stringtext1  00000
__Lstringtext2                                 stringtext2  00000
__Lstringtext3                                 stringtext3  00000
__Lstringtext4                                 stringtext4  00000
__Ltext                                        text         00000
__S0                                           (abs)        0180F
__S1                                           (abs)        001F0
__S3                                           (abs)        00000
__Umul8_16                                     text20       0123C
__Umul8_16@multiplicand                        cstackCOMMON 00070
__Umul8_16@multiplier                          cstackCOMMON 00078
__Umul8_16@product                             cstackCOMMON 00074
__Umul8_16@word_mpld                           cstackCOMMON 00076
___awdiv                                       text28       013AF
___awdiv@counter                               cstackBANK0  00020
___awdiv@dividend                              cstackCOMMON 00078
___awdiv@divisor                               cstackCOMMON 00076
___awdiv@quotient                              cstackBANK0  00022
___awdiv@sign                                  cstackBANK0  00021
___fladd                                       text17       009AF
___fladd@a                                     cstackBANK0  00039
___fladd@aexp                                  cstackBANK0  00046
___fladd@b                                     cstackBANK0  00035
___fladd@bexp                                  cstackBANK0  00047
___fladd@grs                                   cstackBANK0  00048
___fladd@signs                                 cstackBANK0  00045
___fldiv                                       text23       00805
___fldiv@a                                     cstackBANK0  00049
___fldiv@aexp                                  cstackBANK0  00062
___fldiv@b                                     cstackBANK0  0004D
___fldiv@bexp                                  cstackBANK0  00061
___fldiv@grs                                   cstackBANK0  0005D
___fldiv@new_exp                               cstackBANK0  0005B
___fldiv@rem                                   cstackBANK0  00056
___fldiv@sign                                  cstackBANK0  0005A
___fleq                                        text22       01361
___fleq@ff1                                    cstackCOMMON 00070
___fleq@ff2                                    cstackCOMMON 00074
___flge                                        text21       00022
___flge@ff1                                    cstackBANK0  00035
___flge@ff2                                    cstackBANK0  00039
___flmul                                       text19       00DC5
___flmul@a                                     cstackBANK0  00024
___flmul@aexp                                  cstackBANK0  0002D
___flmul@b                                     cstackBANK0  00020
___flmul@bexp                                  cstackBANK0  0002E
___flmul@grs                                   cstackBANK0  00029
___flmul@prod                                  cstackBANK0  0002F
___flmul@sign                                  cstackBANK0  00028
___flmul@temp                                  cstackBANK0  00033
___flneg                                       text18       010CE
___flneg@f1                                    cstackCOMMON 00070
___flsub                                       text16       01197
___flsub@a                                     cstackBANK0  00049
___flsub@b                                     cstackBANK0  0004D
___fltol                                       text15       0140F
___fltol@exp1                                  cstackBANK0  0006C
___fltol@f1                                    cstackBANK0  00063
___fltol@sign1                                 cstackBANK0  0006B
___fpclassifyf                                 text14       01480
___fpclassifyf@F465                            bssBANK2     00124
___fpclassifyf@e                               cstackBANK0  00020
___fpclassifyf@u                               cstackBANK0  00022
___fpclassifyf@x                               cstackCOMMON 00070
___heap_hi                                     (abs)        00000
___heap_lo                                     (abs)        00000
___int_sp                                      stack        00000
___latbits                                     (abs)        00002
___sp                                          stack        00000
___stackhi                                     (abs)        00000
___stacklo                                     (abs)        00000
___wmul                                        text27       01159
___wmul@multiplicand                           cstackCOMMON 00072
___wmul@multiplier                             cstackCOMMON 00070
___wmul@product                                cstackCOMMON 00074
__end_of_ADCC_DisableContinuousConversion      text42       00805
__end_of_ADCC_GetSingleConversion              text41       01115
__end_of_ADCC_Initialize                       text39       01159
__end_of_EUSART_Initialize                     text35       0121A
__end_of_EUSART_SetErrorHandler                text38       01091
__end_of_EUSART_SetFramingErrorHandler         text37       01097
__end_of_EUSART_SetOverrunErrorHandler         text36       0109D
__end_of_EUSART_Write                          text10       010C4
__end_of_OSCILLATOR_Initialize                 text34       010BA
__end_of_PIN_MANAGER_Initialize                text33       01320
__end_of_PMD_Initialize                        text32       010B1
__end_of_PWM6_Initialize                       text31       010E6
__end_of_PWM6_LoadDutyValue                    text40       0112B
__end_of_SYSTEM_Initialize                     text29       01141
__end_of_TMR2_Initialize                       text30       010F4
__end_of__Umul8_16                             text20       0125F
__end_of___awdiv                               text28       0140F
__end_of___fladd                               text17       00BB7
__end_of___fldiv                               text23       009AF
__end_of___fleq                                text22       013AF
__end_of___flge                                text21       000AD
__end_of___flmul                               text19       01000
__end_of___flneg                               text18       010D9
__end_of___flsub                               text16       011B7
__end_of___fltol                               text15       01480
__end_of___fpclassifyf                         text14       014FF
__end_of___wmul                                text27       01178
__end_of__initialization                       cinit        007FD
__end_of_atoi                                  text24       00141
__end_of_efgtoa                                text4        007E1
__end_of_floorf                                text13       01640
__end_of_fputc                                 text8        01361
__end_of_fputs                                 text7        01284
__end_of_isdigit                               text26       00022
__end_of_isspace                               text25       011F8
__end_of_labs                                  text12       0123C
__end_of_main                                  maintext     00DC5
__end_of_memcpy                                text11       012AB
__end_of_pad                                   text6        012E0
__end_of_printf                                text1        01103
__end_of_putch                                 text9        010A3
__end_of_strcpy                                text5        01197
__end_of_vfpfcnvrt                             text3        01800
__end_of_vfprintf                              text2        011D7
__initialization                               cinit        007E1
__pbssBANK2                                    bssBANK2     00120
__pbssBANK3                                    bssBANK3     001A0
__pcstackBANK0                                 cstackBANK0  00020
__pcstackBANK1                                 cstackBANK1  000A0
__pcstackBANK2                                 cstackBANK2  00142
__pcstackCOMMON                                cstackCOMMON 00070
__pdataBANK2                                   dataBANK2    00159
__pidataBANK2                                  idataBANK2   010C4
__pmaintext                                    maintext     00BB7
__pnvBANK2                                     nvBANK2      00163
__pstringtext1                                 stringtext1  01800
__pstringtext2                                 stringtext2  01807
__pstringtext3                                 stringtext3  0180B
__pstringtext4                                 stringtext4  00000
__ptext1                                       text1        010F4
__ptext10                                      text10       010BA
__ptext11                                      text11       01284
__ptext12                                      text12       0121A
__ptext13                                      text13       014FF
__ptext14                                      text14       01480
__ptext15                                      text15       0140F
__ptext16                                      text16       01197
__ptext17                                      text17       009AF
__ptext18                                      text18       010CE
__ptext19                                      text19       00DC5
__ptext2                                       text2        011B7
__ptext20                                      text20       0123C
__ptext21                                      text21       00022
__ptext22                                      text22       01361
__ptext23                                      text23       00805
__ptext24                                      text24       000AD
__ptext25                                      text25       011D7
__ptext26                                      text26       0000A
__ptext27                                      text27       01159
__ptext28                                      text28       013AF
__ptext29                                      text29       0112B
__ptext3                                       text3        01640
__ptext30                                      text30       010E6
__ptext31                                      text31       010D9
__ptext32                                      text32       010A9
__ptext33                                      text33       012E0
__ptext34                                      text34       010B1
__ptext35                                      text35       011F8
__ptext36                                      text36       01097
__ptext37                                      text37       01091
__ptext38                                      text38       0108B
__ptext39                                      text39       01141
__ptext4                                       text4        00141
__ptext40                                      text40       01115
__ptext41                                      text41       01103
__ptext42                                      text42       00802
__ptext5                                       text5        01178
__ptext6                                       text6        012AB
__ptext7                                       text7        0125F
__ptext8                                       text8        01320
__ptext9                                       text9        0109D
_atoi                                          text24       000AD
_cen                                           bssBANK2     00138
_dbuf                                          bssBANK3     001A0
_dec                                           bssBANK2     0013A
_efgtoa                                        text4        00141
_efgtoa$1484                                   cstackBANK1  000B9
_eusartRxLastError                             bssBANK2     00141
_flags                                         bssBANK2     00140
_floorf                                        text13       014FF
_fputc                                         text8        01320
_fputs                                         text7        0125F
_isdigit                                       text26       0000A
_isspace                                       text25       011D7
_isspace$1562                                  cstackCOMMON 00074
_labs                                          text12       0121A
_main                                          maintext     00BB7
_memcpy                                        text11       01284
_numeros                                       dataBANK2    00159
_pad                                           text6        012AB
_prec                                          bssBANK2     0012E
_printf                                        text1        010F4
_putch                                         text9        0109D
_strcpy                                        text5        01178
_temp_lm35                                     bssBANK2     00128
_tiempo                                        bssBANK2     00132
_uni                                           bssBANK2     0013C
_unm                                           bssBANK2     00136
_valor_adc                                     bssBANK2     0013E
_valor_pwm                                     bssBANK2     00130
_vfpfcnvrt                                     text3        01640
_vfprintf                                      text2        011B7
_width                                         bssBANK2     0012C
_x                                             bssBANK2     00134
atoi@n                                         cstackBANK0  00022
atoi@neg                                       cstackBANK0  00020
atoi@s                                         cstackCOMMON 00076
btemp                                          (abs)        0007E
clear_ram0                                     clrtext      010A3
efgtoa@c                                       cstackBANK1  000AE
efgtoa@d                                       cstackBANK1  000BE
efgtoa@e                                       cstackBANK1  000C3
efgtoa@f                                       cstackBANK1  000AA
efgtoa@fp                                      cstackBANK1  000C2
efgtoa@g                                       cstackBANK1  000D6
efgtoa@h                                       cstackBANK1  000CB
efgtoa@i                                       cstackBANK1  000D3
efgtoa@l                                       cstackBANK1  000CF
efgtoa@m                                       cstackBANK1  000C0
efgtoa@mode                                    cstackBANK1  000BC
efgtoa@n                                       cstackBANK1  000DA
efgtoa@ne                                      cstackBANK1  000B3
efgtoa@nmode                                   cstackBANK1  000BD
efgtoa@ou                                      cstackBANK1  000C7
efgtoa@p                                       cstackBANK1  000B5
efgtoa@pp                                      cstackBANK1  000BB
efgtoa@sign                                    cstackBANK1  000D5
efgtoa@t                                       cstackBANK1  000B7
efgtoa@u                                       cstackBANK1  000DC
efgtoa@w                                       cstackBANK1  000C5
end_of_initialization                          cinit        007FD
floorf@F526                                    bssBANK2     00120
floorf@e                                       cstackBANK1  000A4
floorf@m                                       cstackBANK1  000A0
floorf@u                                       cstackBANK1  000A6
floorf@x                                       cstackBANK0  00063
fputc@c                                        cstackCOMMON 00072
fputc@fp                                       cstackCOMMON 00074
fputs@c                                        cstackBANK0  00020
fputs@fp                                       cstackCOMMON 0007A
fputs@i                                        cstackBANK0  00021
fputs@s                                        cstackBANK0  00023
init_ram                                       inittext     00004
intlevel0                                      functab      00000
intlevel1                                      functab      00000
intlevel2                                      functab      00000
intlevel3                                      functab      00000
intlevel4                                      functab      00000
intlevel5                                      functab      00000
isdigit@c                                      cstackCOMMON 00070
isspace@c                                      cstackCOMMON 00070
labs@a                                         cstackCOMMON 00070
main@i                                         cstackBANK2  00157
memcpy@d                                       cstackCOMMON 00076
memcpy@d1                                      cstackCOMMON 00075
memcpy@n                                       cstackCOMMON 00071
memcpy@s                                       cstackCOMMON 00077
memcpy@s1                                      cstackCOMMON 00070
memcpy@tmp                                     cstackCOMMON 00074
pad@buf                                        cstackBANK0  00024
pad@fp                                         cstackBANK0  0002B
pad@i                                          cstackBANK0  00027
pad@p                                          cstackBANK0  00025
pad@w                                          cstackBANK0  00029
printf@ap                                      cstackBANK2  00150
printf@fmt                                     cstackBANK1  000EA
putch@txData                                   cstackCOMMON 00071
reset_vec                                      reset_vec    00000
start                                          init         00002
start_initialization                           cinit        007E1
strcpy@d                                       cstackCOMMON 00076
strcpy@dest                                    cstackCOMMON 00077
strcpy@s                                       cstackCOMMON 00074
strcpy@src                                     cstackCOMMON 00070
vfpfcnvrt@ap                                   cstackBANK0  0006E
vfpfcnvrt@c                                    cstackBANK2  0014D
vfpfcnvrt@convarg                              cstackBANK2  00142
vfpfcnvrt@cp                                   cstackBANK2  0014E
vfpfcnvrt@done                                 cstackBANK2  0014A
vfpfcnvrt@fmt                                  cstackBANK0  0006D
vfpfcnvrt@fp                                   cstackBANK2  0014C
vfprintf@ap                                    cstackBANK1  000E6
vfprintf@cfmt                                  cstackBANK1  000E8
vfprintf@fmt                                   cstackBANK1  000E4
vfprintf@fp                                    cstackBANK1  000E7
wtemp0                                         (abs)        0007E


MODULE INFORMATION

Module		Function		Class		Link	Load	Size
C:\Program Files\Microchip\xc8\v2.40\pic\sources\c99\common\sprcmul.c
		___flmul       		CODE           	0DC5	0000	571

C:\Program Files\Microchip\xc8\v2.40\pic\sources\c99\common\sprcmul.c estimated size: 571

C:\Program Files\Microchip\xc8\v2.40\pic\sources\c99\common\nf_fputc.c
		_fputc         		CODE           	1320	0000	65

C:\Program Files\Microchip\xc8\v2.40\pic\sources\c99\common\nf_fputc.c estimated size: 65

C:\Program Files\Microchip\xc8\v2.40\pic\sources\c99\common\sprcdiv.c
		___fldiv       		CODE           	0805	0000	426

C:\Program Files\Microchip\xc8\v2.40\pic\sources\c99\common\sprcdiv.c estimated size: 426

C:\Program Files\Microchip\xc8\v2.40\pic\sources\c99\common\memcpy.c
		_memcpy        		CODE           	1284	0000	39

C:\Program Files\Microchip\xc8\v2.40\pic\sources\c99\common\memcpy.c estimated size: 39

C:\Program Files\Microchip\xc8\v2.40\pic\sources\c99\common\awdiv.c
		___awdiv       		CODE           	13AF	0000	96

C:\Program Files\Microchip\xc8\v2.40\pic\sources\c99\common\awdiv.c estimated size: 96

mcc_generated_files/pwm6.c
		_PWM6_LoadDutyValue		CODE           	1115	0000	22
		_PWM6_Initialize		CODE           	10D9	0000	13

mcc_generated_files/pwm6.c estimated size: 35

C:\Program Files\Microchip\xc8\v2.40\pic\sources\c99\common\fltol.c
		___fltol       		CODE           	140F	0000	113

C:\Program Files\Microchip\xc8\v2.40\pic\sources\c99\common\fltol.c estimated size: 113

C:\Program Files\Microchip\xc8\v2.40\pic\sources\c99\common\isspace.c
		_isspace       		CODE           	11D7	0000	33

C:\Program Files\Microchip\xc8\v2.40\pic\sources\c99\common\isspace.c estimated size: 33

C:\Program Files\Microchip\xc8\v2.40\pic\sources\c99\common\atoi.c
		_atoi          		CODE           	00AD	0000	148

C:\Program Files\Microchip\xc8\v2.40\pic\sources\c99\common\atoi.c estimated size: 148

C:\Program Files\Microchip\xc8\v2.40\pic\sources\c99\common\Umul16.c
		___wmul        		CODE           	1159	0000	31

C:\Program Files\Microchip\xc8\v2.40\pic\sources\c99\common\Umul16.c estimated size: 31

C:\Program Files\Microchip\xc8\v2.40\pic\sources\c99\common\fleq.c
		___fleq        		CODE           	1361	0000	78

C:\Program Files\Microchip\xc8\v2.40\pic\sources\c99\common\fleq.c estimated size: 78

mcc_generated_files/tmr2.c
		_TMR2_Initialize		CODE           	10E6	0000	14

mcc_generated_files/tmr2.c estimated size: 14

C:\Program Files\Microchip\xc8\v2.40\pic\sources\c99\common\printf.c
		_printf        		CODE           	10F4	0000	15

C:\Program Files\Microchip\xc8\v2.40\pic\sources\c99\common\printf.c estimated size: 15

C:\Program Files\Microchip\xc8\v2.40\pic\sources\c99\common\__fpclassifyf.c
		___fpclassifyf 		CODE           	1480	0000	127

C:\Program Files\Microchip\xc8\v2.40\pic\sources\c99\common\__fpclassifyf.c estimated size: 127

mcc_generated_files/pin_manager.c
		_PIN_MANAGER_Initialize		CODE           	12E0	0000	64

mcc_generated_files/pin_manager.c estimated size: 64

C:\Program Files\Microchip\xc8\v2.40\pic\sources\c99\common\isdigit.c
		_isdigit       		CODE           	000A	0000	24

C:\Program Files\Microchip\xc8\v2.40\pic\sources\c99\common\isdigit.c estimated size: 24

C:\Program Files\Microchip\xc8\v2.40\pic\sources\c99\common\sprcadd.c
		___flsub       		CODE           	1197	0000	32
		___fladd       		CODE           	09AF	0000	520

C:\Program Files\Microchip\xc8\v2.40\pic\sources\c99\common\sprcadd.c estimated size: 552

C:\Program Files\Microchip\xc8\v2.40\pic\sources\c99\common\floorf.c
		_floorf        		CODE           	14FF	0000	321

C:\Program Files\Microchip\xc8\v2.40\pic\sources\c99\common\floorf.c estimated size: 321

C:\Program Files\Microchip\xc8\v2.40\pic\sources\c99\common\flneg.c
		___flneg       		CODE           	10CE	0000	11

C:\Program Files\Microchip\xc8\v2.40\pic\sources\c99\common\flneg.c estimated size: 11

C:\Program Files\Microchip\xc8\v2.40\pic\sources\c99\common\labs.c
		_labs          		CODE           	121A	0000	34

C:\Program Files\Microchip\xc8\v2.40\pic\sources\c99\common\labs.c estimated size: 34

C:\Program Files\Microchip\xc8\v2.40\pic\sources\c99\common\nf_fputs.c
		_fputs         		CODE           	125F	0000	37

C:\Program Files\Microchip\xc8\v2.40\pic\sources\c99\common\nf_fputs.c estimated size: 37

shared
		__initialization		CODE           	07E1	0000	28

shared estimated size: 28

C:\Program Files\Microchip\xc8\v2.40\pic\sources\c99\common\strcpy.c
		_strcpy        		CODE           	1178	0000	31

C:\Program Files\Microchip\xc8\v2.40\pic\sources\c99\common\strcpy.c estimated size: 31

mcc_generated_files/mcc.c
		_PMD_Initialize		CODE           	10A9	0000	8
		_OSCILLATOR_Initialize		CODE           	10B1	0000	9
		_SYSTEM_Initialize		CODE           	112B	0000	22

mcc_generated_files/mcc.c estimated size: 39

C:\Program Files\Microchip\xc8\v2.40\pic\sources\c99\common\flge.c
		___flge        		CODE           	0022	0000	139

C:\Program Files\Microchip\xc8\v2.40\pic\sources\c99\common\flge.c estimated size: 139

C:\Program Files\Microchip\xc8\v2.40\pic\sources\c99\common\doprnt.c
		_vfpfcnvrt     		CODE           	1640	0000	448
		_efgtoa        		CODE           	0141	0000	1696
		_pad           		CODE           	12AB	0000	53
		_vfprintf      		CODE           	11B7	0000	32

C:\Program Files\Microchip\xc8\v2.40\pic\sources\c99\common\doprnt.c estimated size: 2229

mcc_generated_files/eusart.c
		_putch         		CODE           	109D	0000	6
		_EUSART_Write  		CODE           	10BA	0000	10
		_EUSART_Initialize		CODE           	11F8	0000	34
		_EUSART_SetFramingErrorHandler		CODE           	1091	0000	6
		_EUSART_SetErrorHandler		CODE           	108B	0000	6
		_EUSART_SetOverrunErrorHandler		CODE           	1097	0000	6

mcc_generated_files/eusart.c estimated size: 68

mcc_generated_files/adcc.c
		_ADCC_DisableContinuousConversion		CODE           	0802	0000	3
		_ADCC_GetSingleConversion		CODE           	1103	0000	18
		_ADCC_Initialize		CODE           	1141	0000	24

mcc_generated_files/adcc.c estimated size: 45

C:\Program Files\Microchip\xc8\v2.40\pic\sources\c99\common\Umul8_16.c
		__Umul8_16     		CODE           	123C	0000	35

C:\Program Files\Microchip\xc8\v2.40\pic\sources\c99\common\Umul8_16.c estimated size: 35

main.c
		_main          		CODE           	0BB7	0000	526

main.c estimated size: 526

